2025-07-14 11:02:14 | INFO     | logging_config      :35   | Logger initialised | name=trading_bot | file=logs/bot_20250714.log
2025-07-14 11:02:14 | INFO     | client              :57   | BinanceFuturesClient ready | base_url=https://testnet.binancefuture.com
2025-07-14 11:02:14 | INFO     | orders              :72   | MARKET order | symbol=BTCUSDT side=BUY qty=0.001
2025-07-14 11:02:14 | DEBUG    | orders              :113  | Order params dispatched: {'symbol': 'BTCUSDT', 'side': 'BUY', 'type': 'MARKET', 'quantity': '0.001'}
2025-07-14 11:02:14 | INFO     | client              :121  | Dispatching order | {'symbol': 'BTCUSDT', 'side': 'BUY', 'type': 'MARKET', 'quantity': '0.001'}
2025-07-14 11:02:14 | DEBUG    | client              :99   | POST https://testnet.binancefuture.com/fapi/v1/order | params={'symbol': 'BTCUSDT', 'side': 'BUY', 'type': 'MARKET', 'quantity': '0.001', 'timestamp': 1752483734812, 'signature': '***'}
2025-07-14 11:02:15 | DEBUG    | client              :113  | Response | status=200 | body={"orderId":4723419812,"symbol":"BTCUSDT","status":"FILLED","clientOrderId":"web_a72b1c8e2d4f","price":"0","avgPrice":"57842.30","origQty":"0.001","executedQty":"0.001","cumQty":"0.001","cumQuote":"57.84230","timeInForce":"GTC","type":"MARKET","reduceOnly":false,"closePosition":false,"side":"BUY","positionSide":"BOTH","stopPrice":"0","workingType":"CONTRACT_PRICE","priceProtect":false,"origType":"MARKET","updateTime":1752483735204}
2025-07-14 11:02:15 | INFO     | orders              :117  | Order accepted | orderId=4723419812 status=FILLED executedQty=0.001
2025-07-14 11:02:33 | INFO     | logging_config      :35   | Logger initialised | name=trading_bot | file=logs/bot_20250714.log
2025-07-14 11:02:33 | INFO     | client              :57   | BinanceFuturesClient ready | base_url=https://testnet.binancefuture.com
2025-07-14 11:02:33 | INFO     | orders              :83   | LIMIT order | symbol=ETHUSDT side=SELL qty=0.05 price=3150.0 tif=GTC
2025-07-14 11:02:33 | DEBUG    | orders              :113  | Order params dispatched: {'symbol': 'ETHUSDT', 'side': 'SELL', 'type': 'LIMIT', 'quantity': '0.05', 'price': '3150', 'timeInForce': 'GTC'}
2025-07-14 11:02:33 | INFO     | client              :121  | Dispatching order | {'symbol': 'ETHUSDT', 'side': 'SELL', 'type': 'LIMIT', 'quantity': '0.05', 'price': '3150', 'timeInForce': 'GTC'}
2025-07-14 11:02:33 | DEBUG    | client              :99   | POST https://testnet.binancefuture.com/fapi/v1/order | params={'symbol': 'ETHUSDT', 'side': 'SELL', 'type': 'LIMIT', 'quantity': '0.05', 'price': '3150', 'timeInForce': 'GTC', 'timestamp': 1752483753441, 'signature': '***'}
2025-07-14 11:02:34 | DEBUG    | client              :113  | Response | status=200 | body={"orderId":2918374650,"symbol":"ETHUSDT","status":"NEW","clientOrderId":"web_b81c2d9f3a5e","price":"3150","avgPrice":"0","origQty":"0.05","executedQty":"0","cumQty":"0","cumQuote":"0","timeInForce":"GTC","type":"LIMIT","reduceOnly":false,"closePosition":false,"side":"SELL","positionSide":"BOTH","stopPrice":"0","workingType":"CONTRACT_PRICE","priceProtect":false,"origType":"LIMIT","updateTime":1752483754019}
2025-07-14 11:02:34 | INFO     | orders              :117  | Order accepted | orderId=2918374650 status=NEW executedQty=0
2025-07-14 11:04:51 | INFO     | orders              :96   | STOP order | symbol=BTCUSDT side=SELL qty=0.001 price=55000.0 stop=57000.0 tif=GTC
2025-07-14 11:04:51 | DEBUG    | orders              :113  | Order params dispatched: {'symbol': 'BTCUSDT', 'side': 'SELL', 'type': 'STOP', 'quantity': '0.001', 'price': '55000', 'stopPrice': '57000', 'timeInForce': 'GTC'}
2025-07-14 11:04:51 | INFO     | client              :121  | Dispatching order | {'symbol': 'BTCUSDT', 'side': 'SELL', 'type': 'STOP', 'quantity': '0.001', 'price': '55000', 'stopPrice': '57000', 'timeInForce': 'GTC'}
2025-07-14 11:04:51 | DEBUG    | client              :99   | POST https://testnet.binancefuture.com/fapi/v1/order | params={'symbol': 'BTCUSDT', 'side': 'SELL', 'type': 'STOP', 'quantity': '0.001', 'price': '55000', 'stopPrice': '57000', 'timeInForce': 'GTC', 'timestamp': 1752483891204, 'signature': '***'}
2025-07-14 11:04:52 | DEBUG    | client              :113  | Response | status=200 | body={"orderId":4723419991,"symbol":"BTCUSDT","status":"NEW","clientOrderId":"web_c93d4e0a6b7f","price":"55000","avgPrice":"0","origQty":"0.001","executedQty":"0","cumQty":"0","cumQuote":"0","timeInForce":"GTC","type":"STOP","reduceOnly":false,"closePosition":false,"side":"SELL","positionSide":"BOTH","stopPrice":"57000","workingType":"CONTRACT_PRICE","priceProtect":false,"origType":"STOP","updateTime":1752483892118}
2025-07-14 11:04:52 | INFO     | orders              :117  | Order accepted | orderId=4723419991 status=NEW executedQty=0
